// Jest Snapshot v1, https://goo.gl/fbAQLP

exports[`simple 1`] = `
"
  <template>
  
  <div></div>
  

  
  
  </template>

  <script lang=\\"ts\\">
  const template: string = undefined;
export default {
  template
};
  </script>

  <style scoped>
  div {
    color: red;
  }
  </style>
  <i18n>
  hello
  </i18n>
    "
`;
